17:41:54  Device: cuda
17:41:54  Args: {'data_root': './data', 'source_color_prob': 0.99, 'target_color_prob': 0.1, 'binary_labels': False, 'backbone': 'cnn', 'feat_dim': 256, 'pretrained': False, 'dataset': 'rotated_mnist', 'epochs': 20, 'batch_size': 64, 'lr': 0.001, 'dropout': 0.3, 'seed': 42, 'num_workers': 2, 'source_angle': 0, 'target_angle': 15, 'results_dir': './results/source_rot', 'checkpoints_dir': './checkpoints/source_rot'}
17:42:02  Model: cnn  params=621,322
17:42:02  
Epoch 1/20
17:42:16    train  loss=0.0896  acc=0.9763
17:42:22    val    loss=0.0422  acc=0.9877
17:42:22    -> New best val acc=0.9877. Checkpoint saved.
17:42:27  
Epoch 2/20
17:42:41    train  loss=0.0365  acc=0.9888
17:42:47    val    loss=0.0319  acc=0.9905
17:42:47    -> New best val acc=0.9905. Checkpoint saved.
17:42:52  
Epoch 3/20
17:43:06    train  loss=0.0277  acc=0.9910
17:43:12    val    loss=0.0311  acc=0.9905
17:43:17  
Epoch 4/20
17:43:31    train  loss=0.0211  acc=0.9936
17:43:37    val    loss=0.0267  acc=0.9918
17:43:37    -> New best val acc=0.9918. Checkpoint saved.
17:43:42  
Epoch 5/20
17:43:56    train  loss=0.0178  acc=0.9943
17:44:03    val    loss=0.0298  acc=0.9918
17:44:08  
Epoch 6/20
17:44:21    train  loss=0.0141  acc=0.9959
17:44:28    val    loss=0.0267  acc=0.9920
17:44:28    -> New best val acc=0.9920. Checkpoint saved.
17:44:33  
Epoch 7/20
17:44:47    train  loss=0.0118  acc=0.9961
17:44:53    val    loss=0.0210  acc=0.9930
17:44:53    -> New best val acc=0.9930. Checkpoint saved.
17:44:58  
Epoch 8/20
17:45:12    train  loss=0.0093  acc=0.9970
17:45:19    val    loss=0.0243  acc=0.9937
17:45:19    -> New best val acc=0.9937. Checkpoint saved.
17:45:23  
Epoch 9/20
17:45:37    train  loss=0.0076  acc=0.9974
17:45:44    val    loss=0.0243  acc=0.9927
17:45:49  
Epoch 10/20
17:46:03    train  loss=0.0043  acc=0.9986
17:46:11    val    loss=0.0313  acc=0.9927
17:46:16  
Epoch 11/20
17:46:31    train  loss=0.0032  acc=0.9990
17:46:39    val    loss=0.0244  acc=0.9932
17:46:44  
Epoch 12/20
17:46:59    train  loss=0.0035  acc=0.9989
17:47:06    val    loss=0.0288  acc=0.9938
17:47:06    -> New best val acc=0.9938. Checkpoint saved.
17:47:11  
Epoch 13/20
17:47:26    train  loss=0.0026  acc=0.9992
17:47:33    val    loss=0.0244  acc=0.9943
17:47:33    -> New best val acc=0.9943. Checkpoint saved.
17:47:39  
Epoch 14/20
17:47:53    train  loss=0.0015  acc=0.9996
17:48:01    val    loss=0.0232  acc=0.9947
17:48:01    -> New best val acc=0.9947. Checkpoint saved.
17:48:06  
Epoch 15/20
17:48:21    train  loss=0.0013  acc=0.9996
17:48:29    val    loss=0.0210  acc=0.9945
17:48:34  
Epoch 16/20
17:48:49    train  loss=0.0006  acc=0.9999
17:48:56    val    loss=0.0239  acc=0.9945
17:49:02  
Epoch 17/20
17:49:16    train  loss=0.0006  acc=0.9999
17:49:23    val    loss=0.0249  acc=0.9945
17:49:28  
Epoch 18/20
17:49:42    train  loss=0.0003  acc=1.0000
17:49:49    val    loss=0.0239  acc=0.9950
17:49:49    -> New best val acc=0.9950. Checkpoint saved.
17:49:54  
Epoch 19/20
17:50:08    train  loss=0.0003  acc=1.0000
17:50:15    val    loss=0.0231  acc=0.9952
17:50:15    -> New best val acc=0.9952. Checkpoint saved.
17:50:20  
Epoch 20/20
17:50:34    train  loss=0.0003  acc=1.0000
17:50:42    val    loss=0.0241  acc=0.9952
17:50:47  
Training complete in 8.8 min
17:50:47  
=== Final Evaluation (best checkpoint) ===
17:50:57  Source test accuracy : 0.9948
17:50:57  Target test accuracy : 0.9841
17:50:57  Per-class target acc : [0.997, 0.995, 0.967, 0.983, 0.987, 0.984, 0.981, 0.981, 0.989, 0.977]
17:50:57  Gap (src - tgt)      : 0.0107
17:50:57  Seed: 42
17:50:57  
Results saved to   ./results/source_rot\results_summary.txt
17:50:57  Best checkpoint    ./checkpoints/source_rot\best_model.pt
17:50:57  Metrics CSV        ./results/source_rot\metrics.csv
